
> nextn@0.1.0 build
> next build

   Γû▓ Next.js 15.3.6
   - Environments: .env

   Creating an optimized production build ...
npm : Failed to compile.
At line:1 char:45
+ ... gies Pvt. Ltd\Website"; npm run build > build_output.txt 2>&1; Get-Co ...
+                             ~~~~~~~~~~~~~~~~~~~~~~~~~~~~~~~~~~~~~
    + CategoryInfo          : NotSpecified: (Failed to compile.:String) [], Re 
   moteException
    + FullyQualifiedErrorId : NativeCommandError
 

./src/app/(admin)/admin/(dashboard)/layout.tsx
Module not found: Can't resolve '@/components/ui/sidebar'

https://nextjs.org/docs/messages/module-not-found

Import trace for requested module:
./src/app/(admin)/admin/page.tsx

./src/app/(admin)/admin/(dashboard)/layout.tsx
Module not found: Can't resolve '@/firebase/client'

https://nextjs.org/docs/messages/module-not-found

Import trace for requested module:
./src/app/(admin)/admin/page.tsx

./src/app/(admin)/admin/blog/create/page.tsx
Module not found: Can't resolve '@/components/ui/button'

https://nextjs.org/docs/messages/module-not-found

./src/app/(admin)/admin/blog/create/page.tsx
Module not found: Can't resolve '@/components/ui/form'

https://nextjs.org/docs/messages/module-not-found

./src/app/(admin)/admin/blog/create/page.tsx
Module not found: Can't resolve '@/components/ui/input'

https://nextjs.org/docs/messages/module-not-found


> Build failed because of webpack errors
