   Γû▓ Next.js 15.3.6
   - Environments: .env

   Creating an optimized production build ...
